{"sessionStateMachineCheck":["\"NOT_FOUND\"","{\"id\":null,\"email\":null,\"name\":null,\"password\":null}","\"OK\"","{\"id\":1,\"email\":\"john@doe.com\",\"name\":\"John Doe\",\"password\":null}","\"OK\"","{\"id\":1,\"email\":\"john@doe.com\",\"name\":\"John Doe\",\"password\":null}","\"OK\"","null","\"NOT_FOUND\"","{\"id\":null,\"email\":null,\"name\":null,\"password\":null}","\"NOT_FOUND\"","{\"id\":null,\"email\":null,\"name\":null,\"password\":null}"]}